bvLlb-M3UXU_15
f9O3YtZ2VfI_14
lXPQBPVc5Cw_27
v0zCBqDeKcE_11
BvYR0L6f2Ig_11
_dI--eQ6qVU_10
8qrpnFRGt2A_25
2iD-tVS8NPw_12
6_0THN4chvY_8
1iG0909rllw_8
BvYR0L6f2Ig_19
9T9Hf74oK10_25
bOL9jKpeJRs_15
fvVhgmXxadc_8
VCslbP0mgZI_15
0h-zjBukYpk_24
MLal-t_vJPM_9
BI97DNYfe5I_1
bvLlb-M3UXU_17
X3j2zQgwYgE_3
atnd_PF-Lbs_8
OtBXNcAL_lE_7
73jzhE8R1TQ_13
Jkswaaud0hk_8
9qR7uwkblbs_6
vvZ4IcEtiZc_5
BvYR0L6f2Ig_10
zhpQhgha_KU_26
jUzDDGyPkXU_14
v0zCBqDeKcE_10
c7UH_rxdZv4_3
cM3Yna7AavY_3
Dg_0XKD0Mf4_12
vyB00TXsimI_17
0h-zjBukYpk_2
iiK8YX8oH1E_17
WKA5OygbEKI_4
rnaNMUZpvvg_13
8OtFthrtaJM_15
bOL9jKpeJRs_8
ob23OKe5a9Q_10
GWuJjcEuzt8_9
tIrG4oNLFzE_7
GWuJjcEuzt8_18
9qR7uwkblbs_5
1DmNV9C1hbY_13
c7UH_rxdZv4_7
BioHAh1qJAQ_12
BvYR0L6f2Ig_24
bvLlb-M3UXU_5
_dI--eQ6qVU_16
dq3Nf_lMPnE_6
phBUpBr1hSo_14
nzpVDcQ0ywM_18
G6GlGvlkxAQ_18
tmZoasNr4rU_2
nzpVDcQ0ywM_10
9qR7uwkblbs_3
5W7Z1C_fDaE_18
Clx4VXItLTE_29
I5y0__X72p0_15
G-xst2euQUc_19
BXuRRbG0Ugk_19
9c67fiY0wGQ_9
nbWiPyCm4g0_10
W8NXH0Djyww_8
d3_k5Xpfmik_12
Clx4VXItLTE_30
wMbj6ajWbic_8
yDtzw_Y-7RU_10
cXypl4FnoZo_4
BI97DNYfe5I_22
d6hH302o4v8_14
7JsX8y1ysxY_27
BvYR0L6f2Ig_13
cM3Yna7AavY_8
ZUXBRvtny7o_4
BvYR0L6f2Ig_23
OQvJTdtJ2H4_7
Jkswaaud0hk_14
5W7Z1C_fDaE_21
phBUpBr1hSo_11
9T9Hf74oK10_14
LSi-o-IrDMs_27
I5y0__X72p0_3
atnd_PF-Lbs_20
f_pcplsH_V0_4
lXPQBPVc5Cw_12
Bfr499ggo-0_11
5W7Z1C_fDaE_19
GWuJjcEuzt8_8
jUzDDGyPkXU_1
2WGyTLYerpo_47
rnaNMUZpvvg_17
aiEXnCPZubE_8
aiEXnCPZubE_13
1iG0909rllw_25
Vj1wYRQjB-o_4
I5y0__X72p0_35
d6hH302o4v8_42
VbQk4H8hgr0_47
f_pcplsH_V0_8
LSi-o-IrDMs_24
_dI--eQ6qVU_2
Jkswaaud0hk_11
MLal-t_vJPM_3
HEsqda8_d0Q_2
lXPQBPVc5Cw_8
G6GlGvlkxAQ_27
5W7Z1C_fDaE_16
vvZ4IcEtiZc_10
2WGyTLYerpo_51
tIrG4oNLFzE_12
9qR7uwkblbs_18
73jzhE8R1TQ_3
d6hH302o4v8_38
1iG0909rllw_26
bOL9jKpeJRs_16
2WGyTLYerpo_36
Ci-AH39fi3Y_10
QN9ZIUWUXsY_13
73jzhE8R1TQ_9
Ci-AH39fi3Y_33
bOL9jKpeJRs_21
BXuRRbG0Ugk_20
lXPQBPVc5Cw_11
vvZ4IcEtiZc_12
vvZ4IcEtiZc_11
9qR7uwkblbs_22
c7UH_rxdZv4_12
7JsX8y1ysxY_18
TvyZBvOMOTc_8
Sqr0AcuoNnk_6
1DmNV9C1hbY_11
yDtzw_Y-7RU_20
WKA5OygbEKI_10
Oz06ZWiO20M_1
03bSnISJMiM_6
pLTX3ipuDJI_1
7JsX8y1ysxY_16
VCslbP0mgZI_3
fvVhgmXxadc_10
d6hH302o4v8_23
nzpVDcQ0ywM_4
pLTX3ipuDJI_10
9qR7uwkblbs_11
2iD-tVS8NPw_8
BI97DNYfe5I_13
bvLlb-M3UXU_3
9J25DZhivz8_13
QN9ZIUWUXsY_4
k5Y_838nuGo_22
Sqr0AcuoNnk_16
1iG0909rllw_4
Nzq88NnDkEk_5
1iG0909rllw_13
Ci-AH39fi3Y_28
0h-zjBukYpk_15
Njd1F0vZSm4_1
Ci-AH39fi3Y_24
iiK8YX8oH1E_7
5W7Z1C_fDaE_20
d6hH302o4v8_28
wMbj6ajWbic_14
Bfr499ggo-0_10
_dI--eQ6qVU_18
zhpQhgha_KU_18
yvsjCA6Y5Fc_21
BXuRRbG0Ugk_26
c5xsKMxpXnc_5
cXypl4FnoZo_24
vvZ4IcEtiZc_7
TvyZBvOMOTc_12
VbQk4H8hgr0_12
0h-zjBukYpk_16
5W7Z1C_fDaE_1
VbQk4H8hgr0_53
bOL9jKpeJRs_6
6Egk_28TtTM_7
I5y0__X72p0_20
8qrpnFRGt2A_12
zhpQhgha_KU_14
Af8D0E4ZXaw_4
_dI--eQ6qVU_14
etzxEpPuc6I_13
G-xst2euQUc_14
nzpVDcQ0ywM_17
nzpVDcQ0ywM_6
BioHAh1qJAQ_5
WKA5OygbEKI_21
zhpQhgha_KU_1
lXPQBPVc5Cw_25
c7UH_rxdZv4_16
2WGyTLYerpo_48
VbQk4H8hgr0_11
d6hH302o4v8_3
VbQk4H8hgr0_20
aiEXnCPZubE_19
Nzq88NnDkEk_22
d6hH302o4v8_22
atnd_PF-Lbs_19
f9O3YtZ2VfI_17
W8NXH0Djyww_30
MLal-t_vJPM_6
Af8D0E4ZXaw_16
Clx4VXItLTE_20
8d-gEyoeBzc_25
pLTX3ipuDJI_3
d6hH302o4v8_5
Njd1F0vZSm4_11
LSi-o-IrDMs_5
IumbAb8q2dM_2
atnd_PF-Lbs_12
1iG0909rllw_5
ZUXBRvtny7o_28
2iD-tVS8NPw_5
9J25DZhivz8_9
tIrG4oNLFzE_18
c5xsKMxpXnc_6
LSi-o-IrDMs_23
etzxEpPuc6I_8
7JsX8y1ysxY_8
2WGyTLYerpo_15
jUzDDGyPkXU_17
2WGyTLYerpo_45
d3_k5Xpfmik_10
d6hH302o4v8_31
0h-zjBukYpk_23
9T9Hf74oK10_8
etzxEpPuc6I_10
Sqr0AcuoNnk_19
wMbj6ajWbic_18
Jkswaaud0hk_9
9qR7uwkblbs_1
ZUXBRvtny7o_6
ZUXBRvtny7o_11
phBUpBr1hSo_3
6_0THN4chvY_11
VCslbP0mgZI_2
8d-gEyoeBzc_17
IumbAb8q2dM_15
cXypl4FnoZo_3
_dI--eQ6qVU_15
Nzq88NnDkEk_15
MLal-t_vJPM_8
d6hH302o4v8_4
2iD-tVS8NPw_25
d3_k5Xpfmik_15
d3_k5Xpfmik_16
I5y0__X72p0_2
jUzDDGyPkXU_19
tIrG4oNLFzE_14
Clx4VXItLTE_21
VbQk4H8hgr0_10
7JsX8y1ysxY_32
Qr1Ca94K55A_14
aiEXnCPZubE_16
QN9ZIUWUXsY_10
v0zCBqDeKcE_7
vyB00TXsimI_14
Clx4VXItLTE_13
G-xst2euQUc_7
W8NXH0Djyww_1
IumbAb8q2dM_5
Ci-AH39fi3Y_12
W8NXH0Djyww_17
LSi-o-IrDMs_17
vyB00TXsimI_8
tmZoasNr4rU_20
nbWiPyCm4g0_6
v0zCBqDeKcE_5
ZUXBRvtny7o_31
k5Y_838nuGo_15
Nzq88NnDkEk_4
HEsqda8_d0Q_12
0h-zjBukYpk_17
d3_k5Xpfmik_9
73jzhE8R1TQ_17
BioHAh1qJAQ_15
9T9Hf74oK10_13
yDtzw_Y-7RU_16
GWuJjcEuzt8_1
0h-zjBukYpk_19
Oz06ZWiO20M_10
Clx4VXItLTE_1
7JsX8y1ysxY_17
Qr1Ca94K55A_2
pLTX3ipuDJI_7
k5Y_838nuGo_1
LSi-o-IrDMs_22
VbQk4H8hgr0_18
9qR7uwkblbs_26
vyB00TXsimI_5
v0zCBqDeKcE_3
Jkswaaud0hk_4
BI97DNYfe5I_31
ZUXBRvtny7o_23
cM3Yna7AavY_1
G-xst2euQUc_20
8OtFthrtaJM_19
9J25DZhivz8_14
Dg_0XKD0Mf4_7
LSi-o-IrDMs_1
cM3Yna7AavY_4
Sqr0AcuoNnk_18
Sqr0AcuoNnk_9
c7UH_rxdZv4_13
IumbAb8q2dM_11
Qr1Ca94K55A_8
Jkswaaud0hk_17
aiEXnCPZubE_9
HEsqda8_d0Q_19
8qrpnFRGt2A_6
2WGyTLYerpo_3
bvLlb-M3UXU_19
BXuRRbG0Ugk_22
Ci-AH39fi3Y_6
9J25DZhivz8_12
8OtFthrtaJM_16
TvyZBvOMOTc_5
yvsjCA6Y5Fc_6
BXuRRbG0Ugk_29
Af8D0E4ZXaw_22
POKffnXeBds_10
5W7Z1C_fDaE_17
W8NXH0Djyww_25
2WGyTLYerpo_53
OQvJTdtJ2H4_8
wMbj6ajWbic_5
Nzq88NnDkEk_13
Njd1F0vZSm4_8
Af8D0E4ZXaw_1
2WGyTLYerpo_30
BioHAh1qJAQ_20
phBUpBr1hSo_8
0h-zjBukYpk_18
OtBXNcAL_lE_8
1DmNV9C1hbY_9
8OtFthrtaJM_11
Af8D0E4ZXaw_30
8d-gEyoeBzc_3
9T9Hf74oK10_3
0h-zjBukYpk_11
Oz06ZWiO20M_24
atnd_PF-Lbs_15
IumbAb8q2dM_18
2iD-tVS8NPw_2
W8NXH0Djyww_28
k5Y_838nuGo_27
Oz06ZWiO20M_25
8OtFthrtaJM_22
2WGyTLYerpo_43
LSi-o-IrDMs_6
v0zCBqDeKcE_12
2WGyTLYerpo_55
Bfr499ggo-0_19
7JsX8y1ysxY_35
cM3Yna7AavY_9
BXuRRbG0Ugk_1
c5xsKMxpXnc_12
MLal-t_vJPM_11
Dg_0XKD0Mf4_4
BvYR0L6f2Ig_7
Ci-AH39fi3Y_5
Vj1wYRQjB-o_6
Qr1Ca94K55A_11
2WGyTLYerpo_38
BXuRRbG0Ugk_21
Sqr0AcuoNnk_20
wMbj6ajWbic_27
0h-zjBukYpk_7
tIrG4oNLFzE_3
atnd_PF-Lbs_14
c7UH_rxdZv4_18
WKA5OygbEKI_19
tIrG4oNLFzE_5
ZUXBRvtny7o_30
ob23OKe5a9Q_9
OtBXNcAL_lE_13
k5Y_838nuGo_23
iiK8YX8oH1E_9
Sqr0AcuoNnk_7
wMbj6ajWbic_22
Clx4VXItLTE_12
7JsX8y1ysxY_3
Af8D0E4ZXaw_15
03bSnISJMiM_13
etzxEpPuc6I_6
TvyZBvOMOTc_6
etzxEpPuc6I_11
jUzDDGyPkXU_24
I5y0__X72p0_26
c7UH_rxdZv4_1
9qR7uwkblbs_4
ob23OKe5a9Q_14
tStelxIAHjw_1
dq3Nf_lMPnE_15
BXuRRbG0Ugk_13
LSi-o-IrDMs_19
X3j2zQgwYgE_1
Bfr499ggo-0_16
nbWiPyCm4g0_8
ob23OKe5a9Q_4
etzxEpPuc6I_4
bvLlb-M3UXU_6
GWuJjcEuzt8_17
Qr1Ca94K55A_3
G6GlGvlkxAQ_20
PZ-lDQFboO8_5
W8NXH0Djyww_14
8qrpnFRGt2A_13
BI97DNYfe5I_19
LSi-o-IrDMs_21
_dI--eQ6qVU_19
VCslbP0mgZI_8
2WGyTLYerpo_26
nbWiPyCm4g0_5
aiEXnCPZubE_15
HEsqda8_d0Q_13
BioHAh1qJAQ_8
v0zCBqDeKcE_16
03bSnISJMiM_1
ZUXBRvtny7o_14
9c67fiY0wGQ_1
yDtzw_Y-7RU_1
Oz06ZWiO20M_15
wMbj6ajWbic_23
W8NXH0Djyww_11
2WGyTLYerpo_4
Nzq88NnDkEk_23
7JsX8y1ysxY_11
tIrG4oNLFzE_8
d6hH302o4v8_36
BvYR0L6f2Ig_12
lXPQBPVc5Cw_16
bvLlb-M3UXU_7
fvVhgmXxadc_4
nbWiPyCm4g0_9
8OtFthrtaJM_3
W8NXH0Djyww_3